203.0.113.10 - - [01/Apr/2026:08:12:01 +0000] "GET / HTTP/1.1" 200 2048 "-" "Mozilla/5.0 (Windows NT 10.0; Win64; x64) AppleWebKit/537.36 (KHTML, like Gecko) Chrome/134.0.0.0 Safari/537.36"
198.51.100.5 - - [05/Apr/2026:10:22:33 +0000] "GET /assets/app.js HTTP/1.1" 200 88102 "https://app.example.internal/" "Mozilla/5.0 (Windows NT 10.0; Win64; x64) AppleWebKit/537.36 (KHTML, like Gecko) Chrome/134.0.0.0 Safari/537.36"
192.0.2.15 - svc_reader [08/Apr/2026:06:02:00 +0000] "GET /api/v1/health HTTP/1.1" 200 36 "-" "kube-probe/1.31"
203.0.113.44 - - [10/Apr/2026:14:01:04 +0000] "GET /favicon.ico HTTP/1.1" 404 162 "https://app.example.internal/" "Mozilla/5.0 (Windows NT 10.0; Win64; x64) AppleWebKit/537.36 (KHTML, like Gecko) Chrome/134.0.0.0 Safari/537.36"
198.51.100.22 - - [12/Apr/2026:09:15:44 +0000] "POST /api/v1/auth/login HTTP/1.1" 401 128 "https://app.example.internal/login" "Mozilla/5.0 (Macintosh; Intel Mac OS X 15_3) AppleWebKit/605.1.15 (KHTML, like Gecko) Version/18.3 Safari/605.1.15"
192.0.2.88 - - [13/Apr/2026:11:07:19 +0000] "GET /api/v1/reports?from=2026-04-01&to=2026-04-13 HTTP/1.1" 200 46102 "https://app.example.internal/reports" "Mozilla/5.0 (X11; Linux x86_64) Firefox/128.0"
203.0.113.99 - - [14/Apr/2026:16:09:33 +0000] "GET /api/v1/search?q=log-viewer HTTP/1.1" 200 9021 "-" "python-requests/2.32.3"
203.0.113.10 - - [15/Apr/2026:06:01:02 +0000] "GET / HTTP/1.1" 200 2048 "-" "Mozilla/5.0 (Windows NT 10.0; Win64; x64) AppleWebKit/537.36 (KHTML, like Gecko) Chrome/134.0.0.0 Safari/537.36"
198.51.100.5 - - [15/Apr/2026:06:01:03 +0000] "GET /assets/app.js HTTP/1.1" 200 88102 "https://app.example.internal/" "Mozilla/5.0 (Windows NT 10.0; Win64; x64) AppleWebKit/537.36 (KHTML, like Gecko) Chrome/134.0.0.0 Safari/537.36"
203.0.113.44 - - [15/Apr/2026:06:01:04 +0000] "GET /favicon.ico HTTP/1.1" 404 162 "https://app.example.internal/" "Mozilla/5.0 (Windows NT 10.0; Win64; x64) AppleWebKit/537.36 (KHTML, like Gecko) Chrome/134.0.0.0 Safari/537.36"
192.0.2.15 - svc_reader [15/Apr/2026:06:02:11 +0000] "GET /api/v1/health HTTP/1.1" 200 36 "-" "kube-probe/1.31"
198.51.100.22 - - [15/Apr/2026:06:05:44 +0000] "POST /api/v1/auth/login HTTP/1.1" 401 128 "https://app.example.internal/login" "Mozilla/5.0 (Macintosh; Intel Mac OS X 15_3) AppleWebKit/605.1.15 (KHTML, like Gecko) Version/18.3 Safari/605.1.15"
203.0.113.10 - - [15/Apr/2026:06:06:01 +0000] "GET /.env HTTP/1.1" 403 150 "-" "curl/8.7.1"
192.0.2.88 - - [15/Apr/2026:06:07:19 +0000] "GET /api/v1/reports?from=2026-04-01&to=2026-04-15 HTTP/1.1" 200 46820 "https://app.example.internal/reports" "Mozilla/5.0 (X11; Linux x86_64) Firefox/128.0"
198.51.100.5 - - [15/Apr/2026:06:08:00 +0000] "HEAD / HTTP/1.1" 200 0 "-" "Blackbox-Exporter/0.25.0"
203.0.113.99 - - [15/Apr/2026:06:09:33 +0000] "GET /api/v1/search?q=demo HTTP/1.1" 200 9021 "-" "python-requests/2.32.3"
203.0.113.10 - - [15/Apr/2026:09:12:18 +0000] "GET / HTTP/1.1" 200 2048 "-" "Mozilla/5.0 (Windows NT 10.0; Win64; x64) AppleWebKit/537.36 (KHTML, like Gecko) Chrome/134.0.0.0 Safari/537.36"
198.51.100.5 - - [15/Apr/2026:09:12:19 +0000] "GET /assets/app.js HTTP/1.1" 200 88102 "https://app.example.internal/" "Mozilla/5.0 (Windows NT 10.0; Win64; x64) AppleWebKit/537.36 (KHTML, like Gecko) Chrome/134.0.0.0 Safari/537.36"
192.0.2.15 - svc_reader [15/Apr/2026:09:14:02 +0000] "GET /api/v1/health HTTP/1.1" 200 36 "-" "kube-probe/1.31"
203.0.113.77 - - [15/Apr/2026:09:18:41 +0000] "GET /api/v1/reports?from=2026-04-01&to=2026-04-15 HTTP/1.1" 200 46820 "-" "Mozilla/5.0"
198.51.100.33 - - [15/Apr/2026:09:20:13 +0000] "PUT /api/v1/settings/theme HTTP/1.1" 204 0 "https://app.example.internal/settings" "Mozilla/5.0"
203.0.113.10 - - [15/Apr/2026:12:03:55 +0000] "GET / HTTP/1.1" 200 2048 "-" "Mozilla/5.0 (Windows NT 10.0; Win64; x64) AppleWebKit/537.36 (KHTML, like Gecko) Chrome/134.0.0.0 Safari/537.36"
198.51.100.5 - - [15/Apr/2026:12:03:56 +0000] "GET /assets/app.js HTTP/1.1" 200 88102 "https://app.example.internal/" "Mozilla/5.0 (Windows NT 10.0; Win64; x64) AppleWebKit/537.36 (KHTML, like Gecko) Chrome/134.0.0.0 Safari/537.36"
192.0.2.15 - svc_reader [15/Apr/2026:12:04:11 +0000] "GET /api/v1/health HTTP/1.1" 200 36 "-" "kube-probe/1.31"
203.0.113.44 - - [15/Apr/2026:12:05:04 +0000] "GET /favicon.ico HTTP/1.1" 404 162 "https://app.example.internal/" "Mozilla/5.0 (Windows NT 10.0; Win64; x64) AppleWebKit/537.36 (KHTML, like Gecko) Chrome/134.0.0.0 Safari/537.36"
203.0.113.10 - - [15/Apr/2026:14:39:26 +0000] "GET / HTTP/1.1" 200 2048 "-" "Mozilla/5.0 (Windows NT 10.0; Win64; x64) AppleWebKit/537.36"
198.51.100.5 - - [15/Apr/2026:14:40:43 +0000] "GET /assets/app.js HTTP/1.1" 200 88102 "https://app.example.internal/" "Mozilla/5.0"
192.0.2.15 - svc_reader [15/Apr/2026:14:41:39 +0000] "GET /api/v1/health HTTP/1.1" 200 36 "-" "kube-probe/1.31"
203.0.113.77 - - [15/Apr/2026:14:42:48 +0000] "GET /api/v1/reports?from=2026-04-01&to=2026-04-15 HTTP/1.1" 200 46820 "-" "Mozilla/5.0"
198.51.100.33 - - [15/Apr/2026:14:43:52 +0000] "PUT /api/v1/settings/theme HTTP/1.1" 204 0 "https://app.example.internal/settings" "Mozilla/5.0"
203.0.113.10 - - [15/Apr/2026:17:08:02 +0000] "GET / HTTP/1.1" 200 2048 "-" "Mozilla/5.0 (Windows NT 10.0; Win64; x64) AppleWebKit/537.36 (KHTML, like Gecko) Chrome/134.0.0.0 Safari/537.36"
198.51.100.5 - - [15/Apr/2026:17:08:03 +0000] "GET /assets/app.js HTTP/1.1" 200 88102 "https://app.example.internal/" "Mozilla/5.0 (Windows NT 10.0; Win64; x64) AppleWebKit/537.36 (KHTML, like Gecko) Chrome/134.0.0.0 Safari/537.36"
192.0.2.15 - svc_reader [15/Apr/2026:17:09:11 +0000] "GET /api/v1/health HTTP/1.1" 200 36 "-" "kube-probe/1.31"
203.0.113.99 - - [15/Apr/2026:17:11:33 +0000] "GET /api/v1/search?q=release HTTP/1.1" 200 9021 "-" "python-requests/2.32.3"
203.0.113.10 - - [15/Apr/2026:19:22:01 +0000] "GET / HTTP/1.1" 200 2048 "-" "Mozilla/5.0 (Windows NT 10.0; Win64; x64) AppleWebKit/537.36 (KHTML, like Gecko) Chrome/134.0.0.0 Safari/537.36"
198.51.100.5 - - [15/Apr/2026:19:22:02 +0000] "GET /assets/app.js HTTP/1.1" 200 88102 "https://app.example.internal/" "Mozilla/5.0 (Windows NT 10.0; Win64; x64) AppleWebKit/537.36 (KHTML, like Gecko) Chrome/134.0.0.0 Safari/537.36"
192.0.2.15 - svc_reader [15/Apr/2026:19:23:00 +0000] "GET /api/v1/health HTTP/1.1" 200 36 "-" "kube-probe/1.31"
203.0.113.10 - - [15/Apr/2026:21:45:18 +0000] "GET / HTTP/1.1" 200 2048 "-" "Mozilla/5.0 (Windows NT 10.0; Win64; x64) AppleWebKit/537.36 (KHTML, like Gecko) Chrome/134.0.0.0 Safari/537.36"
198.51.100.5 - - [15/Apr/2026:21:45:19 +0000] "GET /assets/app.js HTTP/1.1" 200 88102 "https://app.example.internal/" "Mozilla/5.0 (Windows NT 10.0; Win64; x64) AppleWebKit/537.36 (KHTML, like Gecko) Chrome/134.0.0.0 Safari/537.36"
192.0.2.15 - svc_reader [15/Apr/2026:21:46:11 +0000] "GET /api/v1/health HTTP/1.1" 200 36 "-" "kube-probe/1.31"
203.0.113.77 - - [15/Apr/2026:21:47:29 +0000] "GET /api/v1/reports?from=2026-04-01&to=2026-04-15 HTTP/1.1" 200 46820 "-" "Mozilla/5.0"
